<?xml version="1.0" encoding="utf-8"?><testsuites name="pytest tests"><testsuite name="pytest" errors="0" failures="0" skipped="14" tests="21" time="29.528" timestamp="2025-07-15T15:28:13.904035+01:00" hostname="LAPTOP_JOHNDOE"><testcase classname="tests.ipc_http_test.test_julia_lp" name="test_julia_flow[solver0]" time="2.012"><skipped type="pytest.skip" message="Server is not started">d:\Work\arrow_gateway_engine\tests\ipc_http_test\test_julia_lp.py:25: Server is not started</skipped></testcase><testcase classname="tests.ipc_http_test.test_julia_lp" name="test_julia_flow[solver1]" time="2.011"><skipped type="pytest.skip" message="Server is not started">d:\Work\arrow_gateway_engine\tests\ipc_http_test\test_julia_lp.py:25: Server is not started</skipped></testcase><testcase classname="tests.ipc_http_test.test_julia_lp" name="test_julia_flow[solver2]" time="2.021"><skipped type="pytest.skip" message="Server is not started">d:\Work\arrow_gateway_engine\tests\ipc_http_test\test_julia_lp.py:25: Server is not started</skipped></testcase><testcase classname="tests.ipc_http_test.test_julia_lp" name="test_julia_flow[solver3]" time="2.019"><skipped type="pytest.skip" message="Server is not started">d:\Work\arrow_gateway_engine\tests\ipc_http_test\test_julia_lp.py:25: Server is not started</skipped></testcase><testcase classname="tests.ipc_http_test.test_julia_lp" name="test_julia_flow[solver4]" time="2.026"><skipped type="pytest.skip" message="Server is not started">d:\Work\arrow_gateway_engine\tests\ipc_http_test\test_julia_lp.py:25: Server is not started</skipped></testcase><testcase classname="tests.ipc_http_test.test_julia_lp" name="test_julia_flow[solver5]" time="2.007"><skipped type="pytest.skip" message="Server is not started">d:\Work\arrow_gateway_engine\tests\ipc_http_test\test_julia_lp.py:25: Server is not started</skipped></testcase><testcase classname="tests.ipc_http_test.test_julia_lp" name="test_julia_flow[solver6]" time="2.013"><skipped type="pytest.skip" message="Server is not started">d:\Work\arrow_gateway_engine\tests\ipc_http_test\test_julia_lp.py:25: Server is not started</skipped></testcase><testcase classname="tests.ipc_http_test.test_julia_qp" name="test_julia_flow[solver0]" time="2.009"><skipped type="pytest.skip" message="Server is not started">d:\Work\arrow_gateway_engine\tests\ipc_http_test\test_julia_qp.py:24: Server is not started</skipped></testcase><testcase classname="tests.ipc_http_test.test_julia_qp" name="test_julia_flow[solver1]" time="2.013"><skipped type="pytest.skip" message="Server is not started">d:\Work\arrow_gateway_engine\tests\ipc_http_test\test_julia_qp.py:24: Server is not started</skipped></testcase><testcase classname="tests.ipc_http_test.test_julia_qp" name="test_julia_flow[solver2]" time="2.006"><skipped type="pytest.skip" message="Server is not started">d:\Work\arrow_gateway_engine\tests\ipc_http_test\test_julia_qp.py:24: Server is not started</skipped></testcase><testcase classname="tests.ipc_http_test.test_julia_qp" name="test_julia_flow[solver3]" time="2.004"><skipped type="pytest.skip" message="Server is not started">d:\Work\arrow_gateway_engine\tests\ipc_http_test\test_julia_qp.py:24: Server is not started</skipped></testcase><testcase classname="tests.ipc_http_test.test_julia_qp" name="test_julia_flow[solver4]" time="2.006"><skipped type="pytest.skip" message="Server is not started">d:\Work\arrow_gateway_engine\tests\ipc_http_test\test_julia_qp.py:24: Server is not started</skipped></testcase><testcase classname="tests.ipc_http_test.test_julia_qp" name="test_julia_flow[solver5]" time="2.010"><skipped type="pytest.skip" message="Server is not started">d:\Work\arrow_gateway_engine\tests\ipc_http_test\test_julia_qp.py:24: Server is not started</skipped></testcase><testcase classname="tests.ipc_http_test.test_pyomo_lp" name="test_pyomo_service" time="2.013"><skipped type="pytest.skip" message="Server is not started">d:\Work\arrow_gateway_engine\tests\ipc_http_test\test_pyomo_lp.py:16: Server is not started</skipped></testcase><testcase classname="tests.ipc_http_test.test_pyomo_lp" name="test_pyomo_lp_highs" time="0.087" /><testcase classname="tests.ipc_http_test.test_pyomo_lp" name="test_pyomo_lp_glpk" time="0.068" /><testcase classname="tests.ipc_http_test.test_pyomo_lp" name="test_pyomo_lp_gurobi" time="0.088" /><testcase classname="tests.ipc_http_test.test_pyomo_lp" name="test_pyomo_lp_ipopt" time="0.066" /><testcase classname="tests.ipc_http_test.test_pyomo_qp" name="test_pyomo_qp_highs" time="0.322" /><testcase classname="tests.ipc_http_test.test_pyomo_qp" name="test_pyomo_qp_gurobi" time="0.021" /><testcase classname="tests.ipc_http_test.test_pyomo_qp" name="test_pyomo_qp_ipopt" time="0.018" /></testsuite></testsuites>